// Jest Snapshot v1, https://goo.gl/fbAQLP

exports[`GuideTip should render correctly 1`] = `
<span>
  <GuideTipFill>
    <div
      aria-label="New User Guide"
      aria-modal="true"
      className="editor-new-user-tip is-right"
      role="dialog"
      style={Object {}}
    >
      <div
        className="editor-new-user-tip__content"
      >
        <p>
          It looks like youâ€™re writing a letter. Would you like help?
        </p>
        <p>
          <Button
            isLarge={true}
            isPrimary={true}
          >
            Got it
          </Button>
        </p>
        <IconButton
          className="editor-new-user-tip__close"
          icon="no-alt"
          label="Dismiss guide"
        />
      </div>
    </div>
  </GuideTipFill>
</span>
`;
